======================================================================
          System-Level Invariant & Structural Alignment Verifier      
======================================================================
[*] البدء في مطابقة ثوابت فضاء المستخدم (Userland Invariants)...
    [+] فحص حجم الكائن المستهدف (192 بايت): متطابق (PASSED)
    [+] حقل حارس عداد المراجع (RefCount Offset = 24): مؤمن (PASSED)

[*] البدء في مطابقة ثوابت النواة المتداخلة (Cross-Layer Kernel Offsets)...
    [+] التحقق من المعلمة [proc_p_ucred] عند الأوفست [0x40]: موثق (PASSED)
    [+] التحقق من المعلمة [proc_p_fd] عند الأوفست [0x48]: موثق (PASSED)
    [+] التحقق من المعلمة [proc_p_pid] عند الأوفست [0xbc]: موثق (PASSED)
    [+] التحقق من المعلمة [ucred_cr_uid] عند الأوفست [0x4]: موثق (PASSED)
    [+] التحقق من المعلمة [ucred_sce_caps] عند الأوفست [0x58]: موثق (PASSED)

[*] فحص تكامل البنية التحتية للشبكة (Network Infrastructure Audit)...
    [+] ترويسات منع التخزين المؤقت (Cache-Control) نشطة في services.py: (PASSED)
======================================================================
[ RESULT ] المنظومة متناسقة بالكامل وجاهزة للتوثيق النهائي المستقر.
